Archive member included to satisfy reference by file (symbol)

c:/program files (x86)/atmel/studio/7.0/toolchain/avr8/avr8-gnu-toolchain/bin/../lib/gcc/avr/5.4.0/avr5\libgcc.a(_udivmodhi4.o)
                              MCAL/I2C/I2C.o (__udivmodhi4)
c:/program files (x86)/atmel/studio/7.0/toolchain/avr8/avr8-gnu-toolchain/bin/../lib/gcc/avr/5.4.0/avr5\libgcc.a(_exit.o)
                              C:/Program Files (x86)/Atmel/Studio/7.0/Packs/atmel/ATmega_DFP/1.6.364/gcc/dev/atmega32/avr5/crtatmega32.o (exit)
c:/program files (x86)/atmel/studio/7.0/toolchain/avr8/avr8-gnu-toolchain/bin/../lib/gcc/avr/5.4.0/avr5\libgcc.a(_copy_data.o)
                              APP/Card.o (__do_copy_data)
c:/program files (x86)/atmel/studio/7.0/toolchain/avr8/avr8-gnu-toolchain/bin/../lib/gcc/avr/5.4.0/avr5\libgcc.a(_clear_bss.o)
                              APP/Card.o (__do_clear_bss)

Discarded input sections

 .data          0x00000000        0x0 C:/Program Files (x86)/Atmel/Studio/7.0/Packs/atmel/ATmega_DFP/1.6.364/gcc/dev/atmega32/avr5/crtatmega32.o
 .bss           0x00000000        0x0 C:/Program Files (x86)/Atmel/Studio/7.0/Packs/atmel/ATmega_DFP/1.6.364/gcc/dev/atmega32/avr5/crtatmega32.o
 .text          0x00000000        0x0 APP/Card.o
 .data          0x00000000        0x0 APP/Card.o
 .bss           0x00000000        0x0 APP/Card.o
 .text          0x00000000        0x0 ECUAL/EEPROM/EEPROM.o
 .data          0x00000000        0x0 ECUAL/EEPROM/EEPROM.o
 .bss           0x00000000        0x0 ECUAL/EEPROM/EEPROM.o
 .text.EEPROM_WriteByte
                0x00000000       0x36 ECUAL/EEPROM/EEPROM.o
 .text.EEPROM_ReadByte
                0x00000000       0x48 ECUAL/EEPROM/EEPROM.o
 .text          0x00000000        0x0 main.o
 .data          0x00000000        0x0 main.o
 .bss           0x00000000        0x0 main.o
 .text          0x00000000        0x0 MCAL/DIO/DIO.o
 .data          0x00000000        0x0 MCAL/DIO/DIO.o
 .bss           0x00000000        0x0 MCAL/DIO/DIO.o
 .text.DIO_PortInit
                0x00000000       0x2a MCAL/DIO/DIO.o
 .text.DIO_PinWrite
                0x00000000       0x50 MCAL/DIO/DIO.o
 .text.DIO_PortWrite
                0x00000000       0x22 MCAL/DIO/DIO.o
 .text.DIO_PinRead
                0x00000000       0x44 MCAL/DIO/DIO.o
 .text.DIO_PortRead
                0x00000000       0x28 MCAL/DIO/DIO.o
 .text.DIO_PinToggle
                0x00000000       0x6c MCAL/DIO/DIO.o
 .text.DIO_PortToggle
                0x00000000       0x2a MCAL/DIO/DIO.o
 .bss.aenuDIOPortState
                0x00000000        0x4 MCAL/DIO/DIO.o
 .text          0x00000000        0x0 MCAL/I2C/I2C.o
 .data          0x00000000        0x0 MCAL/I2C/I2C.o
 .bss           0x00000000        0x0 MCAL/I2C/I2C.o
 .text.I2C_MASTER_SendData
                0x00000000       0x36 MCAL/I2C/I2C.o
 .text.I2C_MASTER_RecieveData
                0x00000000       0x46 MCAL/I2C/I2C.o
 .text.I2C_SLAVE_SendData
                0x00000000       0x30 MCAL/I2C/I2C.o
 .text.I2C_SLAVE_ReceiveData
                0x00000000       0x4e MCAL/I2C/I2C.o
 .text.I2C_Enable_Interrupt
                0x00000000        0xa MCAL/I2C/I2C.o
 .text.I2C_Disable_Interrupt
                0x00000000        0xa MCAL/I2C/I2C.o
 .text.I2C_SetCallBack
                0x00000000       0x14 MCAL/I2C/I2C.o
 .text          0x00000000        0x0 MCAL/SPI/SPI.o
 .data          0x00000000        0x0 MCAL/SPI/SPI.o
 .bss           0x00000000        0x0 MCAL/SPI/SPI.o
 .text.SPI_receiveData
                0x00000000       0x28 MCAL/SPI/SPI.o
 .text.SPI_receiveString
                0x00000000       0x3c MCAL/SPI/SPI.o
 .text          0x00000000        0x0 MCAL/UART/UART.o
 .data          0x00000000        0x0 MCAL/UART/UART.o
 .bss           0x00000000        0x0 MCAL/UART/UART.o
 .text.UART_RecieveDataNoBLOCK
                0x00000000       0x22 MCAL/UART/UART.o
 .text.UART_SendDataNoBLOCK
                0x00000000       0x1a MCAL/UART/UART.o
 .text.UART_TX_Enable_Interrupt
                0x00000000        0xa MCAL/UART/UART.o
 .text.UART_TX_Disable_Interrupt
                0x00000000        0xa MCAL/UART/UART.o
 .text.UART_TX_SetCallBack
                0x00000000       0x14 MCAL/UART/UART.o
 .text          0x00000000        0x0 c:/program files (x86)/atmel/studio/7.0/toolchain/avr8/avr8-gnu-toolchain/bin/../lib/gcc/avr/5.4.0/avr5\libgcc.a(_udivmodhi4.o)
 .data          0x00000000        0x0 c:/program files (x86)/atmel/studio/7.0/toolchain/avr8/avr8-gnu-toolchain/bin/../lib/gcc/avr/5.4.0/avr5\libgcc.a(_udivmodhi4.o)
 .bss           0x00000000        0x0 c:/program files (x86)/atmel/studio/7.0/toolchain/avr8/avr8-gnu-toolchain/bin/../lib/gcc/avr/5.4.0/avr5\libgcc.a(_udivmodhi4.o)
 .text.libgcc.mul
                0x00000000        0x0 c:/program files (x86)/atmel/studio/7.0/toolchain/avr8/avr8-gnu-toolchain/bin/../lib/gcc/avr/5.4.0/avr5\libgcc.a(_udivmodhi4.o)
 .text.libgcc   0x00000000        0x0 c:/program files (x86)/atmel/studio/7.0/toolchain/avr8/avr8-gnu-toolchain/bin/../lib/gcc/avr/5.4.0/avr5\libgcc.a(_udivmodhi4.o)
 .text.libgcc.prologue
                0x00000000        0x0 c:/program files (x86)/atmel/studio/7.0/toolchain/avr8/avr8-gnu-toolchain/bin/../lib/gcc/avr/5.4.0/avr5\libgcc.a(_udivmodhi4.o)
 .text.libgcc.builtins
                0x00000000        0x0 c:/program files (x86)/atmel/studio/7.0/toolchain/avr8/avr8-gnu-toolchain/bin/../lib/gcc/avr/5.4.0/avr5\libgcc.a(_udivmodhi4.o)
 .text.libgcc.fmul
                0x00000000        0x0 c:/program files (x86)/atmel/studio/7.0/toolchain/avr8/avr8-gnu-toolchain/bin/../lib/gcc/avr/5.4.0/avr5\libgcc.a(_udivmodhi4.o)
 .text.libgcc.fixed
                0x00000000        0x0 c:/program files (x86)/atmel/studio/7.0/toolchain/avr8/avr8-gnu-toolchain/bin/../lib/gcc/avr/5.4.0/avr5\libgcc.a(_udivmodhi4.o)
 .text          0x00000000        0x0 c:/program files (x86)/atmel/studio/7.0/toolchain/avr8/avr8-gnu-toolchain/bin/../lib/gcc/avr/5.4.0/avr5\libgcc.a(_exit.o)
 .data          0x00000000        0x0 c:/program files (x86)/atmel/studio/7.0/toolchain/avr8/avr8-gnu-toolchain/bin/../lib/gcc/avr/5.4.0/avr5\libgcc.a(_exit.o)
 .bss           0x00000000        0x0 c:/program files (x86)/atmel/studio/7.0/toolchain/avr8/avr8-gnu-toolchain/bin/../lib/gcc/avr/5.4.0/avr5\libgcc.a(_exit.o)
 .text.libgcc.mul
                0x00000000        0x0 c:/program files (x86)/atmel/studio/7.0/toolchain/avr8/avr8-gnu-toolchain/bin/../lib/gcc/avr/5.4.0/avr5\libgcc.a(_exit.o)
 .text.libgcc.div
                0x00000000        0x0 c:/program files (x86)/atmel/studio/7.0/toolchain/avr8/avr8-gnu-toolchain/bin/../lib/gcc/avr/5.4.0/avr5\libgcc.a(_exit.o)
 .text.libgcc   0x00000000        0x0 c:/program files (x86)/atmel/studio/7.0/toolchain/avr8/avr8-gnu-toolchain/bin/../lib/gcc/avr/5.4.0/avr5\libgcc.a(_exit.o)
 .text.libgcc.prologue
                0x00000000        0x0 c:/program files (x86)/atmel/studio/7.0/toolchain/avr8/avr8-gnu-toolchain/bin/../lib/gcc/avr/5.4.0/avr5\libgcc.a(_exit.o)
 .text.libgcc.builtins
                0x00000000        0x0 c:/program files (x86)/atmel/studio/7.0/toolchain/avr8/avr8-gnu-toolchain/bin/../lib/gcc/avr/5.4.0/avr5\libgcc.a(_exit.o)
 .text.libgcc.fmul
                0x00000000        0x0 c:/program files (x86)/atmel/studio/7.0/toolchain/avr8/avr8-gnu-toolchain/bin/../lib/gcc/avr/5.4.0/avr5\libgcc.a(_exit.o)
 .text.libgcc.fixed
                0x00000000        0x0 c:/program files (x86)/atmel/studio/7.0/toolchain/avr8/avr8-gnu-toolchain/bin/../lib/gcc/avr/5.4.0/avr5\libgcc.a(_exit.o)
 .text          0x00000000        0x0 c:/program files (x86)/atmel/studio/7.0/toolchain/avr8/avr8-gnu-toolchain/bin/../lib/gcc/avr/5.4.0/avr5\libgcc.a(_copy_data.o)
 .data          0x00000000        0x0 c:/program files (x86)/atmel/studio/7.0/toolchain/avr8/avr8-gnu-toolchain/bin/../lib/gcc/avr/5.4.0/avr5\libgcc.a(_copy_data.o)
 .bss           0x00000000        0x0 c:/program files (x86)/atmel/studio/7.0/toolchain/avr8/avr8-gnu-toolchain/bin/../lib/gcc/avr/5.4.0/avr5\libgcc.a(_copy_data.o)
 .text.libgcc.mul
                0x00000000        0x0 c:/program files (x86)/atmel/studio/7.0/toolchain/avr8/avr8-gnu-toolchain/bin/../lib/gcc/avr/5.4.0/avr5\libgcc.a(_copy_data.o)
 .text.libgcc.div
                0x00000000        0x0 c:/program files (x86)/atmel/studio/7.0/toolchain/avr8/avr8-gnu-toolchain/bin/../lib/gcc/avr/5.4.0/avr5\libgcc.a(_copy_data.o)
 .text.libgcc   0x00000000        0x0 c:/program files (x86)/atmel/studio/7.0/toolchain/avr8/avr8-gnu-toolchain/bin/../lib/gcc/avr/5.4.0/avr5\libgcc.a(_copy_data.o)
 .text.libgcc.prologue
                0x00000000        0x0 c:/program files (x86)/atmel/studio/7.0/toolchain/avr8/avr8-gnu-toolchain/bin/../lib/gcc/avr/5.4.0/avr5\libgcc.a(_copy_data.o)
 .text.libgcc.builtins
                0x00000000        0x0 c:/program files (x86)/atmel/studio/7.0/toolchain/avr8/avr8-gnu-toolchain/bin/../lib/gcc/avr/5.4.0/avr5\libgcc.a(_copy_data.o)
 .text.libgcc.fmul
                0x00000000        0x0 c:/program files (x86)/atmel/studio/7.0/toolchain/avr8/avr8-gnu-toolchain/bin/../lib/gcc/avr/5.4.0/avr5\libgcc.a(_copy_data.o)
 .text.libgcc.fixed
                0x00000000        0x0 c:/program files (x86)/atmel/studio/7.0/toolchain/avr8/avr8-gnu-toolchain/bin/../lib/gcc/avr/5.4.0/avr5\libgcc.a(_copy_data.o)
 .text          0x00000000        0x0 c:/program files (x86)/atmel/studio/7.0/toolchain/avr8/avr8-gnu-toolchain/bin/../lib/gcc/avr/5.4.0/avr5\libgcc.a(_clear_bss.o)
 .data          0x00000000        0x0 c:/program files (x86)/atmel/studio/7.0/toolchain/avr8/avr8-gnu-toolchain/bin/../lib/gcc/avr/5.4.0/avr5\libgcc.a(_clear_bss.o)
 .bss           0x00000000        0x0 c:/program files (x86)/atmel/studio/7.0/toolchain/avr8/avr8-gnu-toolchain/bin/../lib/gcc/avr/5.4.0/avr5\libgcc.a(_clear_bss.o)
 .text.libgcc.mul
                0x00000000        0x0 c:/program files (x86)/atmel/studio/7.0/toolchain/avr8/avr8-gnu-toolchain/bin/../lib/gcc/avr/5.4.0/avr5\libgcc.a(_clear_bss.o)
 .text.libgcc.div
                0x00000000        0x0 c:/program files (x86)/atmel/studio/7.0/toolchain/avr8/avr8-gnu-toolchain/bin/../lib/gcc/avr/5.4.0/avr5\libgcc.a(_clear_bss.o)
 .text.libgcc   0x00000000        0x0 c:/program files (x86)/atmel/studio/7.0/toolchain/avr8/avr8-gnu-toolchain/bin/../lib/gcc/avr/5.4.0/avr5\libgcc.a(_clear_bss.o)
 .text.libgcc.prologue
                0x00000000        0x0 c:/program files (x86)/atmel/studio/7.0/toolchain/avr8/avr8-gnu-toolchain/bin/../lib/gcc/avr/5.4.0/avr5\libgcc.a(_clear_bss.o)
 .text.libgcc.builtins
                0x00000000        0x0 c:/program files (x86)/atmel/studio/7.0/toolchain/avr8/avr8-gnu-toolchain/bin/../lib/gcc/avr/5.4.0/avr5\libgcc.a(_clear_bss.o)
 .text.libgcc.fmul
                0x00000000        0x0 c:/program files (x86)/atmel/studio/7.0/toolchain/avr8/avr8-gnu-toolchain/bin/../lib/gcc/avr/5.4.0/avr5\libgcc.a(_clear_bss.o)
 .text.libgcc.fixed
                0x00000000        0x0 c:/program files (x86)/atmel/studio/7.0/toolchain/avr8/avr8-gnu-toolchain/bin/../lib/gcc/avr/5.4.0/avr5\libgcc.a(_clear_bss.o)

Memory Configuration

Name             Origin             Length             Attributes
text             0x00000000         0x00008000         xr
data             0x00800060         0x00000800         rw !x
eeprom           0x00810000         0x00000400         rw !x
fuse             0x00820000         0x00000002         rw !x
lock             0x00830000         0x00000400         rw !x
signature        0x00840000         0x00000400         rw !x
user_signatures  0x00850000         0x00000400         rw !x
*default*        0x00000000         0xffffffff

Linker script and memory map

LOAD C:/Program Files (x86)/Atmel/Studio/7.0/Packs/atmel/ATmega_DFP/1.6.364/gcc/dev/atmega32/avr5/crtatmega32.o
LOAD APP/Card.o
LOAD ECUAL/EEPROM/EEPROM.o
LOAD main.o
LOAD MCAL/DIO/DIO.o
LOAD MCAL/I2C/I2C.o
LOAD MCAL/SPI/SPI.o
LOAD MCAL/UART/UART.o
START GROUP
LOAD c:/program files (x86)/atmel/studio/7.0/toolchain/avr8/avr8-gnu-toolchain/bin/../lib/gcc/avr/5.4.0/../../../../avr/lib/avr5\libm.a
END GROUP
START GROUP
LOAD c:/program files (x86)/atmel/studio/7.0/toolchain/avr8/avr8-gnu-toolchain/bin/../lib/gcc/avr/5.4.0/avr5\libgcc.a
LOAD c:/program files (x86)/atmel/studio/7.0/toolchain/avr8/avr8-gnu-toolchain/bin/../lib/gcc/avr/5.4.0/../../../../avr/lib/avr5\libm.a
LOAD c:/program files (x86)/atmel/studio/7.0/toolchain/avr8/avr8-gnu-toolchain/bin/../lib/gcc/avr/5.4.0/../../../../avr/lib/avr5\libc.a
LOAD C:/Program Files (x86)/Atmel/Studio/7.0/Packs/atmel/ATmega_DFP/1.6.364/gcc/dev/atmega32/avr5\libatmega32.a
END GROUP
                0x00000000                __TEXT_REGION_ORIGIN__ = DEFINED (__TEXT_REGION_ORIGIN__)?__TEXT_REGION_ORIGIN__:0x0
                [0x00800060]                __DATA_REGION_ORIGIN__ = DEFINED (__DATA_REGION_ORIGIN__)?__DATA_REGION_ORIGIN__:0x800060
                [0x00008000]                __TEXT_REGION_LENGTH__ = DEFINED (__TEXT_REGION_LENGTH__)?__TEXT_REGION_LENGTH__:0x20000
                [0x00000800]                __DATA_REGION_LENGTH__ = DEFINED (__DATA_REGION_LENGTH__)?__DATA_REGION_LENGTH__:0xffa0
                [0x00000400]                __EEPROM_REGION_LENGTH__ = DEFINED (__EEPROM_REGION_LENGTH__)?__EEPROM_REGION_LENGTH__:0x10000
                [0x00000002]                __FUSE_REGION_LENGTH__ = DEFINED (__FUSE_REGION_LENGTH__)?__FUSE_REGION_LENGTH__:0x400
                0x00000400                __LOCK_REGION_LENGTH__ = DEFINED (__LOCK_REGION_LENGTH__)?__LOCK_REGION_LENGTH__:0x400
                0x00000400                __SIGNATURE_REGION_LENGTH__ = DEFINED (__SIGNATURE_REGION_LENGTH__)?__SIGNATURE_REGION_LENGTH__:0x400
                0x00000400                __USER_SIGNATURE_REGION_LENGTH__ = DEFINED (__USER_SIGNATURE_REGION_LENGTH__)?__USER_SIGNATURE_REGION_LENGTH__:0x400

.hash
 *(.hash)

.dynsym
 *(.dynsym)

.dynstr
 *(.dynstr)

.gnu.version
 *(.gnu.version)

.gnu.version_d
 *(.gnu.version_d)

.gnu.version_r
 *(.gnu.version_r)

.rel.init
 *(.rel.init)

.rela.init
 *(.rela.init)

.rel.text
 *(.rel.text)
 *(.rel.text.*)
 *(.rel.gnu.linkonce.t*)

.rela.text
 *(.rela.text)
 *(.rela.text.*)
 *(.rela.gnu.linkonce.t*)

.rel.fini
 *(.rel.fini)

.rela.fini
 *(.rela.fini)

.rel.rodata
 *(.rel.rodata)
 *(.rel.rodata.*)
 *(.rel.gnu.linkonce.r*)

.rela.rodata
 *(.rela.rodata)
 *(.rela.rodata.*)
 *(.rela.gnu.linkonce.r*)

.rel.data
 *(.rel.data)
 *(.rel.data.*)
 *(.rel.gnu.linkonce.d*)

.rela.data
 *(.rela.data)
 *(.rela.data.*)
 *(.rela.gnu.linkonce.d*)

.rel.ctors
 *(.rel.ctors)

.rela.ctors
 *(.rela.ctors)

.rel.dtors
 *(.rel.dtors)

.rela.dtors
 *(.rela.dtors)

.rel.got
 *(.rel.got)

.rela.got
 *(.rela.got)

.rel.bss
 *(.rel.bss)

.rela.bss
 *(.rela.bss)

.rel.plt
 *(.rel.plt)

.rela.plt
 *(.rela.plt)

.text           0x00000000      0x838
 *(.vectors)
 .vectors       0x00000000       0x54 C:/Program Files (x86)/Atmel/Studio/7.0/Packs/atmel/ATmega_DFP/1.6.364/gcc/dev/atmega32/avr5/crtatmega32.o
                0x00000000                __vector_default
                0x00000000                __vectors
 *(.vectors)
 *(.progmem.gcc*)
                0x00000054                . = ALIGN (0x2)
                0x00000054                __trampolines_start = .
 *(.trampolines)
 .trampolines   0x00000054        0x0 linker stubs
 *(.trampolines*)
                0x00000054                __trampolines_end = .
 *libprintf_flt.a:*(.progmem.data)
 *libc.a:*(.progmem.data)
 *(.progmem*)
                0x00000054                . = ALIGN (0x2)
 *(.jumptables)
 *(.jumptables*)
 *(.lowtext)
 *(.lowtext*)
                0x00000054                __ctors_start = .
 *(.ctors)
                0x00000054                __ctors_end = .
                0x00000054                __dtors_start = .
 *(.dtors)
                0x00000054                __dtors_end = .
 SORT(*)(.ctors)
 SORT(*)(.dtors)
 *(.init0)
 .init0         0x00000054        0x0 C:/Program Files (x86)/Atmel/Studio/7.0/Packs/atmel/ATmega_DFP/1.6.364/gcc/dev/atmega32/avr5/crtatmega32.o
                0x00000054                __init
 *(.init0)
 *(.init1)
 *(.init1)
 *(.init2)
 .init2         0x00000054        0xc C:/Program Files (x86)/Atmel/Studio/7.0/Packs/atmel/ATmega_DFP/1.6.364/gcc/dev/atmega32/avr5/crtatmega32.o
 *(.init2)
 *(.init3)
 *(.init3)
 *(.init4)
 .init4         0x00000060       0x16 c:/program files (x86)/atmel/studio/7.0/toolchain/avr8/avr8-gnu-toolchain/bin/../lib/gcc/avr/5.4.0/avr5\libgcc.a(_copy_data.o)
                0x00000060                __do_copy_data
 .init4         0x00000076       0x10 c:/program files (x86)/atmel/studio/7.0/toolchain/avr8/avr8-gnu-toolchain/bin/../lib/gcc/avr/5.4.0/avr5\libgcc.a(_clear_bss.o)
                0x00000076                __do_clear_bss
 *(.init4)
 *(.init5)
 *(.init5)
 *(.init6)
 *(.init6)
 *(.init7)
 *(.init7)
 *(.init8)
 *(.init8)
 *(.init9)
 .init9         0x00000086        0x8 C:/Program Files (x86)/Atmel/Studio/7.0/Packs/atmel/ATmega_DFP/1.6.364/gcc/dev/atmega32/avr5/crtatmega32.o
 *(.init9)
 *(.text)
 .text          0x0000008e        0x4 C:/Program Files (x86)/Atmel/Studio/7.0/Packs/atmel/ATmega_DFP/1.6.364/gcc/dev/atmega32/avr5/crtatmega32.o
                0x0000008e                __vector_1
                0x0000008e                __vector_12
                0x0000008e                __bad_interrupt
                0x0000008e                __vector_6
                0x0000008e                __vector_3
                0x0000008e                __vector_11
                0x0000008e                __vector_17
                0x0000008e                __vector_7
                0x0000008e                __vector_5
                0x0000008e                __vector_4
                0x0000008e                __vector_9
                0x0000008e                __vector_2
                0x0000008e                __vector_8
                0x0000008e                __vector_14
                0x0000008e                __vector_10
                0x0000008e                __vector_16
                0x0000008e                __vector_18
                0x0000008e                __vector_20
                0x00000092                . = ALIGN (0x2)
 *(.text.*)
 .text.String_compare
                0x00000092       0x3e APP/Card.o
 .text.Frame_Assemble
                0x000000d0       0x54 APP/Card.o
 .text.Programming_Mode
                0x00000124       0x8e APP/Card.o
                0x00000124                Programming_Mode
 .text.APP_Init
                0x000001b2       0x8a APP/Card.o
                0x000001b2                APP_Init
 .text.APP_Update
                0x0000023c       0x1a APP/Card.o
                0x0000023c                APP_Update
 .text.EEPROM_Init
                0x00000256        0x8 ECUAL/EEPROM/EEPROM.o
                0x00000256                EEPROM_Init
 .text.EEPROM_WriteString
                0x0000025e       0x7c ECUAL/EEPROM/EEPROM.o
                0x0000025e                EEPROM_WriteString
 .text.EEPROM_ReadString
                0x000002da       0x94 ECUAL/EEPROM/EEPROM.o
                0x000002da                EEPROM_ReadString
 .text.main     0x0000036e        0xa main.o
                0x0000036e                main
 .text.DIO_PinInit
                0x00000378       0x7c MCAL/DIO/DIO.o
                0x00000378                DIO_PinInit
 .text.I2C_GetStatus
                0x000003f4        0x6 MCAL/I2C/I2C.o
 .text.I2C_Init
                0x000003fa       0x50 MCAL/I2C/I2C.o
                0x000003fa                I2C_Init
 .text.I2C_Start
                0x0000044a       0x1a MCAL/I2C/I2C.o
                0x0000044a                I2C_Start
 .text.I2C_Repeated_Start
                0x00000464       0x1a MCAL/I2C/I2C.o
                0x00000464                I2C_Repeated_Start
 .text.I2C_Stop
                0x0000047e        0x8 MCAL/I2C/I2C.o
                0x0000047e                I2C_Stop
 .text.I2C_SendAddressFrame
                0x00000486       0x50 MCAL/I2C/I2C.o
                0x00000486                I2C_SendAddressFrame
 .text.I2C_SendDataFrame
                0x000004d6       0x32 MCAL/I2C/I2C.o
                0x000004d6                I2C_SendDataFrame
 .text.I2C_RecieveDataFrame
                0x00000508       0x6e MCAL/I2C/I2C.o
                0x00000508                I2C_RecieveDataFrame
 .text.__vector_19
                0x00000576       0x52 MCAL/I2C/I2C.o
                0x00000576                __vector_19
 .text.SPI_initSlave
                0x000005c8       0x2e MCAL/SPI/SPI.o
 .text.SPI_init
                0x000005f6        0x6 MCAL/SPI/SPI.o
                0x000005f6                SPI_init
 .text.SPI_sendData
                0x000005fc        0x8 MCAL/SPI/SPI.o
                0x000005fc                SPI_sendData
 .text.SPI_sendString
                0x00000604       0x2a MCAL/SPI/SPI.o
                0x00000604                SPI_sendString
 .text.UART_Init
                0x0000062e       0x30 MCAL/UART/UART.o
                0x0000062e                UART_Init
 .text.UART_SendData
                0x0000065e       0x1c MCAL/UART/UART.o
                0x0000065e                UART_SendData
 .text.UART_ReceiveData
                0x0000067a       0x22 MCAL/UART/UART.o
                0x0000067a                UART_ReceiveData
 .text.UART_SendString
                0x0000069c       0x4c MCAL/UART/UART.o
                0x0000069c                UART_SendString
 .text.UART_ReceiveString
                0x000006e8       0x58 MCAL/UART/UART.o
                0x000006e8                UART_ReceiveString
 .text.UART_RX_Enable_Interrupt
                0x00000740        0xa MCAL/UART/UART.o
                0x00000740                UART_RX_Enable_Interrupt
 .text.UART_RX_Disable_Interrupt
                0x0000074a        0xa MCAL/UART/UART.o
                0x0000074a                UART_RX_Disable_Interrupt
 .text.UART_RX_SetCallBack
                0x00000754       0x14 MCAL/UART/UART.o
                0x00000754                UART_RX_SetCallBack
 .text.__vector_13
                0x00000768       0x52 MCAL/UART/UART.o
                0x00000768                __vector_13
 .text.__vector_15
                0x000007ba       0x52 MCAL/UART/UART.o
                0x000007ba                __vector_15
 .text.libgcc.div
                0x0000080c       0x28 c:/program files (x86)/atmel/studio/7.0/toolchain/avr8/avr8-gnu-toolchain/bin/../lib/gcc/avr/5.4.0/avr5\libgcc.a(_udivmodhi4.o)
                0x0000080c                __udivmodhi4
                0x00000834                . = ALIGN (0x2)
 *(.fini9)
 .fini9         0x00000834        0x0 c:/program files (x86)/atmel/studio/7.0/toolchain/avr8/avr8-gnu-toolchain/bin/../lib/gcc/avr/5.4.0/avr5\libgcc.a(_exit.o)
                0x00000834                _exit
                0x00000834                exit
 *(.fini9)
 *(.fini8)
 *(.fini8)
 *(.fini7)
 *(.fini7)
 *(.fini6)
 *(.fini6)
 *(.fini5)
 *(.fini5)
 *(.fini4)
 *(.fini4)
 *(.fini3)
 *(.fini3)
 *(.fini2)
 *(.fini2)
 *(.fini1)
 *(.fini1)
 *(.fini0)
 .fini0         0x00000834        0x4 c:/program files (x86)/atmel/studio/7.0/toolchain/avr8/avr8-gnu-toolchain/bin/../lib/gcc/avr/5.4.0/avr5\libgcc.a(_exit.o)
 *(.fini0)
                0x00000838                _etext = .

.data           0x00800060       0x3c load address 0x00000838
                0x00800060                PROVIDE (__data_start, .)
 *(.data)
 *(.data*)
 *(.gnu.linkonce.d*)
 *(.rodata)
 *(.rodata*)
 .rodata.str1.1
                0x00800060       0x38 APP/Card.o
 .rodata.au8PortsBaseAddressLUT
                0x00800098        0x4 MCAL/DIO/DIO.o
 *(.gnu.linkonce.r*)
                0x0080009c                . = ALIGN (0x2)
                0x0080009c                _edata = .
                0x0080009c                PROVIDE (__data_end, .)

.bss            0x0080009c       0x5a
                0x0080009c                PROVIDE (__bss_start, .)
 *(.bss)
 *(.bss*)
 .bss.au8uartBuffer.1791
                0x0080009c       0x14 APP/Card.o
 .bss.initialized
                0x008000b0        0x1 APP/Card.o
                0x008000b0                initialized
 .bss.SPIFrame  0x008000b1        0xf APP/Card.o
                0x008000b1                SPIFrame
 .bss.PIN       0x008000c0        0x5 APP/Card.o
                0x008000c0                PIN
 .bss.PAN       0x008000c5        0xa APP/Card.o
                0x008000c5                PAN
 .bss.aenuDIOPinState
                0x008000cf       0x20 MCAL/DIO/DIO.o
 .bss.I2C_Callback
                0x008000ef        0x2 MCAL/I2C/I2C.o
                0x008000ef                I2C_Callback
 .bss.TXC_Callback
                0x008000f1        0x2 MCAL/UART/UART.o
                0x008000f1                TXC_Callback
 .bss.RXC_Callback
                0x008000f3        0x2 MCAL/UART/UART.o
                0x008000f3                RXC_Callback
 .bss.gError    0x008000f5        0x1 MCAL/UART/UART.o
                0x008000f5                gError
 *(COMMON)
                0x008000f6                PROVIDE (__bss_end, .)
                0x00000838                __data_load_start = LOADADDR (.data)
                0x00000874                __data_load_end = (__data_load_start + SIZEOF (.data))

.noinit         0x008000f6        0x0
                [!provide]                PROVIDE (__noinit_start, .)
 *(.noinit*)
                [!provide]                PROVIDE (__noinit_end, .)
                0x008000f6                _end = .
                [!provide]                PROVIDE (__heap_start, .)

.eeprom         0x00810000        0x0
 *(.eeprom*)
                0x00810000                __eeprom_end = .

.fuse
 *(.fuse)
 *(.lfuse)
 *(.hfuse)
 *(.efuse)

.lock
 *(.lock*)

.signature
 *(.signature*)

.user_signatures
 *(.user_signatures*)

.stab
 *(.stab)

.stabstr
 *(.stabstr)

.stab.excl
 *(.stab.excl)

.stab.exclstr
 *(.stab.exclstr)

.stab.index
 *(.stab.index)

.stab.indexstr
 *(.stab.indexstr)

.comment        0x00000000       0x30
 *(.comment)
 .comment       0x00000000       0x30 APP/Card.o
                                 0x31 (size before relaxing)
 .comment       0x00000030       0x31 ECUAL/EEPROM/EEPROM.o
 .comment       0x00000030       0x31 main.o
 .comment       0x00000030       0x31 MCAL/DIO/DIO.o
 .comment       0x00000030       0x31 MCAL/I2C/I2C.o
 .comment       0x00000030       0x31 MCAL/SPI/SPI.o
 .comment       0x00000030       0x31 MCAL/UART/UART.o

.note.gnu.avr.deviceinfo
                0x00000000       0x3c
 .note.gnu.avr.deviceinfo
                0x00000000       0x3c C:/Program Files (x86)/Atmel/Studio/7.0/Packs/atmel/ATmega_DFP/1.6.364/gcc/dev/atmega32/avr5/crtatmega32.o

.note.gnu.build-id
 *(.note.gnu.build-id)

.debug
 *(.debug)

.line
 *(.line)

.debug_srcinfo
 *(.debug_srcinfo)

.debug_sfnames
 *(.debug_sfnames)

.debug_aranges  0x00000000      0x268
 *(.debug_aranges)
 .debug_aranges
                0x00000000       0x40 APP/Card.o
 .debug_aranges
                0x00000040       0x40 ECUAL/EEPROM/EEPROM.o
 .debug_aranges
                0x00000080       0x20 main.o
 .debug_aranges
                0x000000a0       0x58 MCAL/DIO/DIO.o
 .debug_aranges
                0x000000f8       0x98 MCAL/I2C/I2C.o
 .debug_aranges
                0x00000190       0x48 MCAL/SPI/SPI.o
 .debug_aranges
                0x000001d8       0x90 MCAL/UART/UART.o

.debug_pubnames
 *(.debug_pubnames)

.debug_info     0x00000000     0x2192
 *(.debug_info .gnu.linkonce.wi.*)
 .debug_info    0x00000000      0x4e6 C:/Program Files (x86)/Atmel/Studio/7.0/Packs/atmel/ATmega_DFP/1.6.364/gcc/dev/atmega32/avr5/crtatmega32.o
 .debug_info    0x000004e6      0x578 APP/Card.o
 .debug_info    0x00000a5e      0x4f2 ECUAL/EEPROM/EEPROM.o
 .debug_info    0x00000f50       0xae main.o
 .debug_info    0x00000ffe      0x524 MCAL/DIO/DIO.o
 .debug_info    0x00001522      0x55a MCAL/I2C/I2C.o
 .debug_info    0x00001a7c      0x384 MCAL/SPI/SPI.o
 .debug_info    0x00001e00      0x392 MCAL/UART/UART.o

.debug_abbrev   0x00000000      0xcca
 *(.debug_abbrev)
 .debug_abbrev  0x00000000      0x4a3 C:/Program Files (x86)/Atmel/Studio/7.0/Packs/atmel/ATmega_DFP/1.6.364/gcc/dev/atmega32/avr5/crtatmega32.o
 .debug_abbrev  0x000004a3      0x177 APP/Card.o
 .debug_abbrev  0x0000061a      0x109 ECUAL/EEPROM/EEPROM.o
 .debug_abbrev  0x00000723       0x68 main.o
 .debug_abbrev  0x0000078b       0xdb MCAL/DIO/DIO.o
 .debug_abbrev  0x00000866      0x1d0 MCAL/I2C/I2C.o
 .debug_abbrev  0x00000a36      0x124 MCAL/SPI/SPI.o
 .debug_abbrev  0x00000b5a      0x170 MCAL/UART/UART.o

.debug_line     0x00000000     0x1149
 *(.debug_line .debug_line.* .debug_line_end)
 .debug_line    0x00000000      0x116 C:/Program Files (x86)/Atmel/Studio/7.0/Packs/atmel/ATmega_DFP/1.6.364/gcc/dev/atmega32/avr5/crtatmega32.o
 .debug_line    0x00000116      0x275 APP/Card.o
 .debug_line    0x0000038b      0x216 ECUAL/EEPROM/EEPROM.o
 .debug_line    0x000005a1       0x5a main.o
 .debug_line    0x000005fb      0x1f1 MCAL/DIO/DIO.o
 .debug_line    0x000007ec      0x4a3 MCAL/I2C/I2C.o
 .debug_line    0x00000c8f      0x17d MCAL/SPI/SPI.o
 .debug_line    0x00000e0c      0x33d MCAL/UART/UART.o

.debug_frame    0x00000000      0x618
 *(.debug_frame)
 .debug_frame   0x00000000       0x70 APP/Card.o
 .debug_frame   0x00000070       0xd4 ECUAL/EEPROM/EEPROM.o
 .debug_frame   0x00000144       0x24 main.o
 .debug_frame   0x00000168       0x94 MCAL/DIO/DIO.o
 .debug_frame   0x000001fc      0x19c MCAL/I2C/I2C.o
 .debug_frame   0x00000398       0xb0 MCAL/SPI/SPI.o
 .debug_frame   0x00000448      0x1d0 MCAL/UART/UART.o

.debug_str      0x00000000      0xa69
 *(.debug_str)
 .debug_str     0x00000000      0x196 C:/Program Files (x86)/Atmel/Studio/7.0/Packs/atmel/ATmega_DFP/1.6.364/gcc/dev/atmega32/avr5/crtatmega32.o
 .debug_str     0x00000196      0x2a0 APP/Card.o
                                0x2da (size before relaxing)
 .debug_str     0x00000436      0x126 ECUAL/EEPROM/EEPROM.o
                                0x2f2 (size before relaxing)
 .debug_str     0x0000055c       0x11 main.o
                                0x197 (size before relaxing)
 .debug_str     0x0000056d      0x228 MCAL/DIO/DIO.o
                                0x3ec (size before relaxing)
 .debug_str     0x00000795      0x159 MCAL/I2C/I2C.o
                                0x392 (size before relaxing)
 .debug_str     0x000008ee       0x64 MCAL/SPI/SPI.o
                                0x248 (size before relaxing)
 .debug_str     0x00000952      0x117 MCAL/UART/UART.o
                                0x34d (size before relaxing)

.debug_loc      0x00000000     0x166d
 *(.debug_loc)
 .debug_loc     0x00000000      0x151 APP/Card.o
 .debug_loc     0x00000151      0x5bb ECUAL/EEPROM/EEPROM.o
 .debug_loc     0x0000070c      0x3c6 MCAL/DIO/DIO.o
 .debug_loc     0x00000ad2      0x576 MCAL/I2C/I2C.o
 .debug_loc     0x00001048      0x1da MCAL/SPI/SPI.o
 .debug_loc     0x00001222      0x44b MCAL/UART/UART.o

.debug_macinfo
 *(.debug_macinfo)

.debug_weaknames
 *(.debug_weaknames)

.debug_funcnames
 *(.debug_funcnames)

.debug_typenames
 *(.debug_typenames)

.debug_varnames
 *(.debug_varnames)

.debug_pubtypes
 *(.debug_pubtypes)

.debug_ranges   0x00000000      0x210
 *(.debug_ranges)
 .debug_ranges  0x00000000       0x30 APP/Card.o
 .debug_ranges  0x00000030       0x30 ECUAL/EEPROM/EEPROM.o
 .debug_ranges  0x00000060       0x10 main.o
 .debug_ranges  0x00000070       0x48 MCAL/DIO/DIO.o
 .debug_ranges  0x000000b8       0xa0 MCAL/I2C/I2C.o
 .debug_ranges  0x00000158       0x38 MCAL/SPI/SPI.o
 .debug_ranges  0x00000190       0x80 MCAL/UART/UART.o

.debug_macro
 *(.debug_macro)
OUTPUT(Card.elf elf32-avr)
LOAD linker stubs
